0 to 0 (0): 0
0 to 1 (8): 0-160-32-5-4-112-234-130-1
0 to 2 (7): 0-44-168-151-57-7-42-2
0 to 3 (5): 0-44-144-48-45-3
0 to 4 (4): 0-160-32-5-4
0 to 5 (3): 0-160-32-5
0 to 6 (10): 0-44-168-151-57-7-42-2-14-129-6
0 to 7 (5): 0-44-168-151-57-7
0 to 8 (7): 0-68-165-171-92-122-207-8
0 to 9 (2): 0-58-9
0 to 10 (9): 0-68-165-171-92-122-207-8-246-10
0 to 11 (7): 0-68-165-171-92-122-207-11
0 to 12 (8): 0-44-93-226-138-62-90-113-12
0 to 13 (9): 0-68-165-171-92-122-110-51-133-13
0 to 14 (8): 0-44-168-151-57-7-42-2-14
0 to 15 (1): 0-15
0 to 16 (10): 0-44-168-151-57-7-42-2-14-129-16
0 to 17 (9): 0-44-93-226-138-62-90-113-121-17
0 to 18 (8): 0-44-168-151-57-7-42-2-18
0 to 19 (8): 0-68-165-171-92-122-110-79-19
0 to 20 (8): 0-160-32-5-55-136-87-194-20
0 to 21 (5): 0-44-93-226-138-21
0 to 22 (11): 0-44-93-226-138-62-90-113-158-229-53-22
0 to 23 (2): 0-58-23
0 to 24 (1): 0-24
0 to 25 (8): 0-160-32-5-55-136-87-111-25
0 to 26 (4): 0-44-93-226-26
0 to 27 (5): 0-44-93-226-138-27
0 to 28 (8): 0-44-93-226-138-62-90-113-28
0 to 29 (12): 0-44-93-226-138-62-90-113-12-41-81-146-29
0 to 30 (7): 0-68-165-171-92-122-156-30
0 to 31 (7): 0-44-144-48-45-3-37-31
0 to 32 (2): 0-160-32
0 to 33 (2): 0-58-33
0 to 34 (11): 0-44-93-226-138-62-90-113-158-229-53-34
0 to 35 (8): 0-44-168-151-57-7-42-141-35
0 to 36 (9): 0-44-93-226-138-62-90-113-12-36
0 to 37 (6): 0-44-144-48-45-3-37
0 to 38 (13): 0-44-93-226-138-62-90-113-12-41-81-146-109-38
0 to 39 (2): 0-15-39
0 to 40 (8): 0-160-32-5-55-136-87-194-40
0 to 41 (9): 0-44-93-226-138-62-90-113-12-41
0 to 42 (6): 0-44-168-151-57-7-42
0 to 43 (7): 0-68-165-171-92-122-156-43
0 to 44 (1): 0-44
0 to 45 (4): 0-44-144-48-45
0 to 46 (10): 0-160-32-5-4-128-69-107-72-177-46
0 to 47 (12): 0-44-93-226-138-62-90-113-12-41-81-146-47
0 to 48 (3): 0-44-144-48
0 to 49 (1): 0-49
0 to 50 (2): 0-59-50
0 to 51 (7): 0-68-165-171-92-122-110-51
0 to 52 (3): 0-44-93-52
0 to 53 (10): 0-44-93-226-138-62-90-113-158-229-53
0 to 54 (11): 0-44-168-151-57-7-42-2-14-129-6-54
0 to 55 (4): 0-160-32-5-55
0 to 56 (11): 0-44-93-226-138-62-90-113-158-229-53-56
0 to 57 (4): 0-44-168-151-57
0 to 58 (1): 0-58
0 to 59 (1): 0-59
0 to 60 (8): 0-160-32-5-55-136-87-111-60
0 to 61 (7): 0-160-32-5-4-112-234-61
0 to 62 (5): 0-44-93-226-138-62
0 to 63 (9): 0-160-32-5-55-136-87-111-25-63
0 to 64 (11): 0-44-93-226-138-62-90-113-121-17-134-64
0 to 65 (4): 0-44-168-151-65
0 to 66 (2): 0-15-66
0 to 67 (4): 0-160-32-5-67
0 to 68 (1): 0-68
0 to 69 (6): 0-160-32-5-4-128-69
0 to 70 (7): 0-68-165-171-92-122-214-70
0 to 71 (5): 0-44-168-151-65-71
0 to 72 (8): 0-160-32-5-4-128-69-107-72
0 to 73 (11): 0-44-93-226-138-62-90-113-158-229-53-73
0 to 74 (13): 0-44-93-226-138-62-90-113-12-41-81-146-109-74
0 to 75 (8): 0-160-32-5-55-136-87-194-75
0 to 76 (5): 0-44-144-48-45-76
0 to 77 (3): 0-160-32-77
0 to 78 (4): 0-160-32-77-78
0 to 79 (7): 0-68-165-171-92-122-110-79
0 to 80 (1): 0-80
0 to 81 (10): 0-44-93-226-138-62-90-113-12-41-81
0 to 82 (7): 0-68-165-171-92-122-207-82
0 to 83 (4): 0-44-144-48-83
0 to 84 (8): 0-68-165-171-92-122-110-79-84
0 to 85 (8): 0-68-165-171-92-122-207-8-85
0 to 86 (7): 0-44-168-151-57-7-42-86
0 to 87 (6): 0-160-32-5-55-136-87
0 to 88 (9): 0-44-93-226-138-62-90-113-12-88
0 to 89 (8): 0-160-32-5-4-112-234-61-89
0 to 90 (6): 0-44-93-226-138-62-90
0 to 91 (11): 0-44-93-226-138-62-90-113-121-17-134-91
0 to 92 (4): 0-68-165-171-92
0 to 93 (2): 0-44-93
0 to 94 (8): 0-44-93-226-138-62-90-242-94
0 to 95 (5): 0-44-144-48-45-95
0 to 96 (9): 0-160-32-5-55-136-87-111-25-96
0 to 97 (1): 0-97
0 to 98 (10): 0-44-93-226-138-62-90-113-12-36-98
0 to 99 (10): 0-44-168-151-57-7-42-2-14-129-99
0 to 100 (8): 0-68-165-171-92-122-214-70-100
0 to 101 (5): 0-68-165-172-125-101
0 to 102 (3): 0-160-32-102
0 to 103 (9): 0-68-165-171-92-122-110-79-19-103
0 to 104 (3): 0-44-144-104
0 to 105 (9): 0-68-165-171-92-122-110-212-143-105
0 to 106 (9): 0-68-165-171-92-122-110-79-84-106
0 to 107 (7): 0-160-32-5-4-128-69-107
0 to 108 (6): 0-44-168-151-57-181-108
0 to 109 (12): 0-44-93-226-138-62-90-113-12-41-81-146-109
0 to 110 (6): 0-68-165-171-92-122-110
0 to 111 (7): 0-160-32-5-55-136-87-111
0 to 112 (5): 0-160-32-5-4-112
0 to 113 (7): 0-44-93-226-138-62-90-113
0 to 114 (1): 0-114
0 to 115 (6): 0-44-144-48-45-3-115
0 to 116 (8): 0-160-32-5-55-136-87-194-116
0 to 117 (11): 0-44-93-226-138-62-90-113-12-36-98-117
0 to 118 (3): 0-68-165-118
0 to 119 (11): 0-44-93-226-138-62-90-113-12-41-81-119
0 to 120 (10): 0-44-93-226-138-62-90-113-158-229-120
0 to 121 (8): 0-44-93-226-138-62-90-113-121
0 to 122 (5): 0-68-165-171-92-122
0 to 123 (9): 0-68-165-171-92-122-207-8-246-123
0 to 124 (3): 0-68-165-124
0 to 125 (4): 0-68-165-172-125
0 to 126 (13): 0-44-93-226-138-62-90-113-12-41-81-146-109-126
0 to 127 (9): 0-160-32-5-4-112-234-61-89-127
0 to 128 (5): 0-160-32-5-4-128
0 to 129 (9): 0-44-168-151-57-7-42-2-14-129
0 to 130 (7): 0-160-32-5-4-112-234-130
0 to 131 (9): 0-68-165-171-92-122-110-79-84-131
0 to 132 (4): 0-68-165-171-132
0 to 133 (8): 0-68-165-171-92-122-110-51-133
0 to 134 (10): 0-44-93-226-138-62-90-113-121-17-134
0 to 135 (6): 0-44-168-151-57-181-135
0 to 136 (5): 0-160-32-5-55-136
0 to 137 (11): 0-44-93-226-138-62-90-113-121-17-134-137
0 to 138 (4): 0-44-93-226-138
0 to 139 (5): 0-68-165-171-92-139
0 to 140 (11): 0-44-168-151-57-7-42-2-14-129-6-140
0 to 141 (7): 0-44-168-151-57-7-42-141
0 to 142 (3): 0-58-9-142
0 to 143 (8): 0-68-165-171-92-122-110-212-143
0 to 144 (2): 0-44-144
0 to 145 (11): 0-44-93-226-138-62-90-113-121-17-134-145
0 to 146 (11): 0-44-93-226-138-62-90-113-12-41-81-146
0 to 147 (10): 0-44-168-151-57-7-42-2-14-129-147
0 to 148 (5): 0-44-168-151-57-148
0 to 149 (1): 0-149
0 to 150 (9): 0-160-32-5-4-112-234-130-1-150
0 to 151 (3): 0-44-168-151
0 to 152 (7): 0-68-165-171-92-122-207-152
0 to 153 (6): 0-44-144-48-45-3-153
0 to 154 (4): 0-58-9-142-154
0 to 155 (3): 0-68-165-155
0 to 156 (6): 0-68-165-171-92-122-156
0 to 157 (5): 0-44-168-151-57-157
0 to 158 (8): 0-44-93-226-138-62-90-113-158
0 to 159 (5): 0-160-32-5-4-159
0 to 160 (1): 0-160
0 to 161 (10): 0-44-93-226-138-62-90-113-158-229-161
0 to 162 (10): 0-68-165-171-92-122-110-51-133-13-162
0 to 163 (1): 0-163
0 to 164 (8): 0-160-32-5-55-136-87-194-164
0 to 165 (2): 0-68-165
0 to 166 (9): 0-44-168-151-57-7-42-2-14-166
0 to 167 (12): 0-44-93-226-138-62-90-113-12-36-98-117-167
0 to 168 (2): 0-44-168
0 to 169 (9): 0-160-32-5-55-136-87-194-220-169
0 to 170 (8): 0-44-93-226-138-62-90-113-170
0 to 171 (3): 0-68-165-171
0 to 172 (3): 0-68-165-172
0 to 173 (6): 0-160-32-5-4-128-173
0 to 174 (8): 0-68-165-171-92-122-110-79-174
0 to 175 (8): 0-68-165-171-92-122-207-11-175
0 to 176 (1): 0-176
0 to 177 (9): 0-160-32-5-4-128-69-107-72-177
0 to 178 (10): 0-44-168-151-57-7-42-2-14-129-178
0 to 179 (8): 0-68-165-171-92-122-110-79-179
0 to 180 (3): 0-68-165-180
0 to 181 (5): 0-44-168-151-57-181
0 to 182 (8): 0-44-93-226-138-62-90-113-182
0 to 183 (12): 0-44-93-226-138-62-90-113-121-17-134-64-183
0 to 184 (4): 0-68-165-118-184
0 to 185 (2): 0-44-185
0 to 186 (9): 0-160-32-5-4-128-69-107-72-186
0 to 187 (2): 0-160-187
0 to 188 (5): 0-44-93-226-138-188
0 to 189 (9): 0-160-32-5-4-112-234-130-1-189
0 to 190 (9): 0-160-32-5-55-136-87-194-20-190
0 to 191 (1): 0-191
0 to 192 (9): 0-68-165-171-92-122-110-79-19-192
0 to 193 (9): 0-68-165-171-92-122-110-79-84-193
0 to 194 (7): 0-160-32-5-55-136-87-194
0 to 195 (3): 0-58-9-195
0 to 196 (6): 0-44-168-151-57-181-196
0 to 197 (4): 0-68-165-118-197
0 to 198 (8): 0-44-93-226-138-62-90-113-198
0 to 199 (9): 0-160-32-5-55-136-87-111-25-199
0 to 200 (8): 0-160-32-5-4-128-69-107-200
0 to 201 (3): 0-44-144-201
0 to 202 (1): 0-202
0 to 203 (8): 0-160-32-5-4-128-69-107-203
0 to 204 (1): 0-204
0 to 205 (5): 0-68-165-171-92-205
0 to 206 (2): 0-24-206
0 to 207 (6): 0-68-165-171-92-122-207
0 to 208 (3): 0-44-168-208
0 to 209 (1): 0-209
0 to 210 (6): 0-68-165-171-92-122-210
0 to 211 (1): 0-211
0 to 212 (7): 0-68-165-171-92-122-110-212
0 to 213 (3): 0-68-165-213
0 to 214 (6): 0-68-165-171-92-122-214
0 to 215 (12): 0-44-93-226-138-62-90-113-121-17-134-64-215
0 to 216 (4): 0-44-144-48-216
0 to 217 (4): 0-44-144-48-217
0 to 218 (12): 0-44-93-226-138-62-90-113-12-41-81-146-218
0 to 219 (6): 0-68-165-171-92-122-219
0 to 220 (8): 0-160-32-5-55-136-87-194-220
0 to 221 (6): 0-68-165-171-92-122-221
0 to 222 (1): 0-222
0 to 223 (8): 0-44-93-226-138-62-90-113-223
0 to 224 (12): 0-44-93-226-138-62-90-113-12-41-81-146-224
0 to 225 (1): 0-225
0 to 226 (3): 0-44-93-226
0 to 227 (11): 0-44-93-226-138-62-90-113-12-41-81-227
0 to 228 (6): 0-44-144-48-45-3-228
0 to 229 (9): 0-44-93-226-138-62-90-113-158-229
0 to 230 (5): 0-44-168-151-57-230
0 to 231 (2): 0-44-231
0 to 232 (3): 0-44-144-232
0 to 233 (5): 0-44-93-226-138-233
0 to 234 (6): 0-160-32-5-4-112-234
0 to 235 (4): 0-58-9-142-235
0 to 236 (10): 0-44-168-151-57-7-42-2-14-129-236
0 to 237 (9): 0-160-32-5-55-136-87-111-60-237
0 to 238 (4): 0-58-9-142-238
0 to 239 (5): 0-44-93-226-26-239
0 to 240 (4): 0-160-32-77-240
0 to 241 (6): 0-44-144-48-45-3-241
0 to 242 (7): 0-44-93-226-138-62-90-242
0 to 243 (9): 0-68-165-171-92-122-110-79-19-243
0 to 244 (7): 0-68-165-171-92-122-207-244
0 to 245 (4): 0-58-9-195-245
0 to 246 (8): 0-68-165-171-92-122-207-8-246
0 to 247 (9): 0-160-32-5-55-136-87-194-20-247
0 to 248 (2): 0-44-248
0 to 249 (9): 0-44-93-226-138-62-90-113-158-249
