visit 15 from 0
visit 24 from 0
visit 44 from 0
visit 49 from 0
visit 58 from 0
visit 59 from 0
visit 68 from 0
visit 80 from 0
visit 97 from 0
visit 114 from 0
visit 149 from 0
visit 160 from 0
visit 163 from 0
visit 176 from 0
visit 191 from 0
visit 202 from 0
visit 204 from 0
visit 209 from 0
visit 211 from 0
visit 222 from 0
visit 225 from 0
visit 39 from 15
visit 66 from 15
visit 206 from 24
visit 93 from 44
visit 144 from 44
visit 168 from 44
visit 185 from 44
visit 231 from 44
visit 248 from 44
visit 9 from 58
visit 23 from 58
visit 33 from 58
visit 50 from 59
visit 165 from 68
visit 32 from 160
visit 187 from 160
visit 52 from 93
visit 226 from 93
visit 48 from 144
visit 104 from 144
visit 201 from 144
visit 232 from 144
visit 151 from 168
visit 208 from 168
visit 142 from 9
visit 195 from 9
visit 118 from 165
visit 124 from 165
visit 155 from 165
visit 171 from 165
visit 172 from 165
visit 180 from 165
visit 213 from 165
visit 5 from 32
visit 77 from 32
visit 102 from 32
visit 26 from 226
visit 138 from 226
visit 45 from 48
visit 83 from 48
visit 216 from 48
visit 217 from 48
visit 57 from 151
visit 65 from 151
visit 154 from 142
visit 235 from 142
visit 238 from 142
visit 245 from 195
visit 184 from 118
visit 197 from 118
visit 92 from 171
visit 132 from 171
visit 125 from 172
visit 4 from 5
visit 55 from 5
visit 67 from 5
visit 78 from 77
visit 240 from 77
visit 239 from 26
visit 21 from 138
visit 27 from 138
visit 62 from 138
visit 188 from 138
visit 233 from 138
visit 3 from 45
visit 76 from 45
visit 95 from 45
visit 7 from 57
visit 148 from 57
visit 157 from 57
visit 181 from 57
visit 230 from 57
visit 71 from 65
visit 122 from 92
visit 139 from 92
visit 205 from 92
visit 101 from 125
visit 112 from 4
visit 128 from 4
visit 159 from 4
visit 136 from 55
visit 90 from 62
visit 37 from 3
visit 115 from 3
visit 153 from 3
visit 228 from 3
visit 241 from 3
visit 42 from 7
visit 108 from 181
visit 135 from 181
visit 196 from 181
visit 110 from 122
visit 156 from 122
visit 207 from 122
visit 210 from 122
visit 214 from 122
visit 219 from 122
visit 221 from 122
visit 234 from 112
visit 69 from 128
visit 173 from 128
visit 87 from 136
visit 113 from 90
visit 242 from 90
visit 31 from 37
visit 2 from 42
visit 86 from 42
visit 141 from 42
visit 51 from 110
visit 79 from 110
visit 212 from 110
visit 30 from 156
visit 43 from 156
visit 8 from 207
visit 11 from 207
visit 82 from 207
visit 152 from 207
visit 244 from 207
visit 70 from 214
visit 61 from 234
visit 130 from 234
visit 107 from 69
visit 111 from 87
visit 194 from 87
visit 12 from 113
visit 28 from 113
visit 121 from 113
visit 158 from 113
visit 170 from 113
visit 182 from 113
visit 198 from 113
visit 223 from 113
visit 94 from 242
visit 14 from 2
visit 18 from 2
visit 35 from 141
visit 133 from 51
visit 19 from 79
visit 84 from 79
visit 174 from 79
visit 179 from 79
visit 143 from 212
visit 85 from 8
visit 246 from 8
visit 175 from 11
visit 100 from 70
visit 89 from 61
visit 1 from 130
visit 72 from 107
visit 200 from 107
visit 203 from 107
visit 25 from 111
visit 60 from 111
visit 20 from 194
visit 40 from 194
visit 75 from 194
visit 116 from 194
visit 164 from 194
visit 220 from 194
visit 36 from 12
visit 41 from 12
visit 88 from 12
visit 17 from 121
visit 229 from 158
visit 249 from 158
visit 129 from 14
visit 166 from 14
visit 13 from 133
visit 103 from 19
visit 192 from 19
visit 243 from 19
visit 106 from 84
visit 131 from 84
visit 193 from 84
visit 105 from 143
visit 10 from 246
visit 123 from 246
visit 127 from 89
visit 150 from 1
visit 189 from 1
visit 177 from 72
visit 186 from 72
visit 63 from 25
visit 96 from 25
visit 199 from 25
visit 237 from 60
visit 190 from 20
visit 247 from 20
visit 169 from 220
visit 98 from 36
visit 81 from 41
visit 134 from 17
visit 53 from 229
visit 120 from 229
visit 161 from 229
visit 6 from 129
visit 16 from 129
visit 99 from 129
visit 147 from 129
visit 178 from 129
visit 236 from 129
visit 162 from 13
visit 46 from 177
visit 117 from 98
visit 119 from 81
visit 146 from 81
visit 227 from 81
visit 64 from 134
visit 91 from 134
visit 137 from 134
visit 145 from 134
visit 22 from 53
visit 34 from 53
visit 56 from 53
visit 73 from 53
visit 54 from 6
visit 140 from 6
visit 167 from 117
visit 29 from 146
visit 47 from 146
visit 109 from 146
visit 218 from 146
visit 224 from 146
visit 183 from 64
visit 215 from 64
visit 38 from 109
visit 74 from 109
visit 126 from 109
0,1,2,3,4,5,6,7,8,9,10,11,12,13,14,15,16,17,18,19,20,21,22,23,24,25,26,27,28,29,30,31,32,33,34,35,36,37,38,39,40,41,42,43,44,45,46,47,48,49,50,51,52,53,54,55,56,57,58,59,60,61,62,63,64,65,66,67,68,69,70,71,72,73,74,75,76,77,78,79,80,81,82,83,84,85,86,87,88,89,90,91,92,93,94,95,96,97,98,99,100,101,102,103,104,105,106,107,108,109,110,111,112,113,114,115,116,117,118,119,120,121,122,123,124,125,126,127,128,129,130,131,132,133,134,135,136,137,138,139,140,141,142,143,144,145,146,147,148,149,150,151,152,153,154,155,156,157,158,159,160,161,162,163,164,165,166,167,168,169,170,171,172,173,174,175,176,177,178,179,180,181,182,183,184,185,186,187,188,189,190,191,192,193,194,195,196,197,198,199,200,201,202,203,204,205,206,207,208,209,210,211,212,213,214,215,216,217,218,219,220,221,222,223,224,225,226,227,228,229,230,231,232,233,234,235,236,237,238,239,240,241,242,243,244,245,246,247,248,249,
